// Jest Snapshot v1, https://goo.gl/fbAQLP

exports[`Header renders correctly 1`] = `
<h3
  className="text-center mb-4"
  data-cy="Default Starter"
>
  Default Starter
</h3>
`;
